###############################################################################
#
# IAR ELF Linker V9.10.1.308/W64 for ARM                  14/May/2021  14:26:34
# Copyright 2007-2021 IAR Systems AB.
#
#    Output file  =
#        E:\Universidade\2020_2\Sistemas
#        Embarcados\LaboratorioFinal\EK-TM4C1294_RTOS_IAR8\Projects\tarefas\ewarm\Exe\tarefas.out
#    Map file     =
#        E:\Universidade\2020_2\Sistemas
#        Embarcados\LaboratorioFinal\EK-TM4C1294_RTOS_IAR8\Projects\tarefas\ewarm\List\tarefas.map
#    Command line =
#        -f "E:\Universidade\2020_2\Sistemas
#        Embarcados\LaboratorioFinal\EK-TM4C1294_RTOS_IAR8\Projects\tarefas\ewarm\Exe\tarefas.out.rsp"
#        ("E:\Universidade\2020_2\Sistemas
#        Embarcados\LaboratorioFinal\EK-TM4C1294_RTOS_IAR8\Projects\tarefas\ewarm\Obj\driverleds.o"
#        "E:\Universidade\2020_2\Sistemas
#        Embarcados\LaboratorioFinal\EK-TM4C1294_RTOS_IAR8\TivaWare_C_Series-2.1.4.178\driverlib\ewarm\Exe\driverlib.a"
#        "E:\Universidade\2020_2\Sistemas
#        Embarcados\LaboratorioFinal\EK-TM4C1294_RTOS_IAR8\CMSIS-5.6.0\CMSIS\RTOS2\RTX\Library\IAR\IDE\CM4F\Exe\RTX_CM.a"
#        "E:\Universidade\2020_2\Sistemas
#        Embarcados\LaboratorioFinal\EK-TM4C1294_RTOS_IAR8\Projects\tarefas\ewarm\Obj\RTX_Config.o"
#        "E:\Universidade\2020_2\Sistemas
#        Embarcados\LaboratorioFinal\EK-TM4C1294_RTOS_IAR8\Projects\tarefas\ewarm\Obj\rtx_lib.o"
#        "E:\Universidade\2020_2\Sistemas
#        Embarcados\LaboratorioFinal\EK-TM4C1294_RTOS_IAR8\Projects\tarefas\ewarm\Obj\startup_TM4C1294.o"
#        "E:\Universidade\2020_2\Sistemas
#        Embarcados\LaboratorioFinal\EK-TM4C1294_RTOS_IAR8\Projects\tarefas\ewarm\Obj\system_TM4C1294_TW.o"
#        "E:\Universidade\2020_2\Sistemas
#        Embarcados\LaboratorioFinal\EK-TM4C1294_RTOS_IAR8\Projects\tarefas\ewarm\Obj\tarefas.o"
#        --no_out_extension -o "E:\Universidade\2020_2\Sistemas
#        Embarcados\LaboratorioFinal\EK-TM4C1294_RTOS_IAR8\Projects\tarefas\ewarm\Exe\tarefas.out"
#        --map "E:\Universidade\2020_2\Sistemas
#        Embarcados\LaboratorioFinal\EK-TM4C1294_RTOS_IAR8\Projects\tarefas\ewarm\List\tarefas.map"
#        --config "C:\Program Files\IAR Systems\Embedded Workbench
#        9.0\arm\config\linker\TexasInstruments\TM4C1294NC.icf" --semihosting
#        --entry __iar_program_start --vfe --text_out locale)
#
###############################################################################

*******************************************************************************
*** RUNTIME MODEL ATTRIBUTES
***

CppFlavor       = *
__SystemLibrary = DLib
__dlib_version  = 6


*******************************************************************************
*** HEAP SELECTION
***

The basic heap was selected because some modules are built with
size limitations (and not runtime checking), and --advanced_heap
was not specified.


*******************************************************************************
*** PLACEMENT SUMMARY
***

"A0":  place at address 0x0 { ro section .intvec };
"P1":  place in [from 0x0 to 0xf'ffff] { ro };
define block CSTACK with size = 32K, alignment = 8 { };
define block HEAP with size = 64K, alignment = 8 { };
"P2":  place in [from 0x2000'0000 to 0x2003'ffff] {
          rw, block CSTACK, block HEAP };
initialize by copy { rw };

  Section               Kind         Address    Size  Object
  -------               ----         -------    ----  ------
"A0":                                          0x3c0
  .intvec               ro code          0x0   0x3c0  startup_TM4C1294.o [1]
                                     - 0x3c0   0x3c0

"P1":                                         0x230d
  .text                 ro code        0x3c0   0x72c  rtx_thread.o [2]
  .text                 ro code        0xaec     0x2  rtx_evr.o [2]
  .text                 ro code        0xaee     0x2  rtx_evr.o [2]
  .text                 ro code        0xaf0     0x2  rtx_evr.o [2]
  .text                 ro code        0xaf2     0x2  rtx_evr.o [2]
  .text                 ro code        0xaf4     0x2  rtx_evr.o [2]
  .text                 ro code        0xaf6     0x2  rtx_evr.o [2]
  .text                 ro code        0xaf8     0x2  rtx_evr.o [2]
  .text                 ro code        0xafa     0x2  rtx_evr.o [2]
  .text                 ro code        0xafc     0x2  rtx_evr.o [2]
  .text                 ro code        0xafe     0x2  rtx_evr.o [2]
  .text                 ro code        0xb00    0x28  rtx_thread.o [2]
  .text                 ro code        0xb28     0x2  rtx_evr.o [2]
  .text                 ro code        0xb2a     0x2  rtx_evr.o [2]
  .text                 ro code        0xb2c     0x2  rtx_evr.o [2]
  .text                 ro code        0xb2e    0x3a  packbits_init_single.o [5]
  .text                 ro code        0xb68    0xe6  rtx_mempool.o [2]
  .text                 ro code        0xc4e     0x2  rtx_evr.o [2]
  .text                 ro code        0xc50    0x84  rtx_memory.o [2]
  .text                 ro code        0xcd4     0x6  ABImemclr4.o [5]
  .text                 ro code        0xcda     0x2  rtx_evr.o [2]
  .text                 ro code        0xcdc    0x4a  rtx_memory.o [2]
  .text                 ro code        0xd26     0x2  RTX_Config.o [1]
  .text                 ro code        0xd28    0x52  rtx_mutex.o [2]
  .text                 ro code        0xd7a     0x2  rtx_evr.o [2]
  .text                 ro code        0xd7c     0x2  rtx_evr.o [2]
  .text                 ro code        0xd7e     0x2  rtx_evr.o [2]
  .text                 ro code        0xd80     0x2  rtx_evr.o [2]
  .text                 ro code        0xd82    0x20  RTX_Config.o [1]
  .text                 ro code        0xda2     0x2  rtx_evr.o [2]
  .text                 ro code        0xda4     0x2  rtx_evr.o [2]
  .text                 ro code        0xda6     0x2  rtx_evr.o [2]
  .text                 ro code        0xda8     0x2  rtx_evr.o [2]
  .text                 ro code        0xdaa     0x2  startup_TM4C1294.o [1]
  .text                 ro code        0xdac    0x32  ABImemset48.o [5]
  .text                 ro code        0xdde     0x2  rtx_evr.o [2]
  .text                 ro code        0xde0     0x2  rtx_evr.o [2]
  .text                 ro code        0xde2     0x2  rtx_evr.o [2]
  .text                 ro code        0xde4   0x61c  rtx_msgqueue.o [2]
  .text                 ro code       0x1400    0xa6  ABImemcpy.o [5]
  .text                 ro code       0x14a6     0x2  rtx_evr.o [2]
  .text                 ro code       0x14a8     0x2  rtx_evr.o [2]
  .text                 ro code       0x14aa     0x2  rtx_evr.o [2]
  .text                 ro code       0x14ac     0x6  ABImemclr.o [5]
  .text                 ro code       0x14b2     0x2  rtx_evr.o [2]
  .text                 ro code       0x14b4     0x2  rtx_evr.o [2]
  .text                 ro code       0x14b6     0x2  rtx_evr.o [2]
  .text                 ro code       0x14b8     0x2  rtx_evr.o [2]
  .text                 ro code       0x14ba     0x2  rtx_evr.o [2]
  .text                 ro code       0x14bc     0x2  rtx_evr.o [2]
  .text                 ro code       0x14be     0x2  rtx_evr.o [2]
  .text                 ro code       0x14c0   0x16c  rtx_system.o [2]
  .text                 ro code       0x162c     0x2  rtx_evr.o [2]
  .text                 ro code       0x162e     0x2  rtx_evr.o [2]
  .text                 ro code       0x1630    0x5e  ABImemset.o [5]
  .text                 ro code       0x1690     0xc  os_systick.o [2]
  .text                 ro code       0x169c   0x2dc  rtx_kernel.o [2]
  .text                 ro code       0x1978     0x2  rtx_evr.o [2]
  .text                 ro code       0x197a    0x44  rtx_memory.o [2]
  .text                 ro code       0x19be     0x2  rtx_evr.o [2]
  .text                 ro code       0x19c0     0x2  rtx_evr.o [2]
  .text                 ro code       0x19c4    0x3c  os_systick.o [2]
  .text                 ro code       0x1a00     0x6  os_systick.o [2]
  .text                 ro code       0x1a08    0x28  os_systick.o [2]
  .text                 ro code       0x1a30     0x2  rtx_evr.o [2]
  .text                 ro code       0x1a32     0x2  rtx_lib.o [1]
  .text                 ro code       0x1a34     0x2  rtx_evr.o [2]
  .text                 ro code       0x1a36     0x2  rtx_evr.o [2]
  .text                 ro code       0x1a38     0x2  rtx_evr.o [2]
  .text                 ro code       0x1a3a     0x2  rtx_evr.o [2]
  .text                 ro code       0x1a3c   0x2bc  sysctl.o [4]
  .rodata               const         0x1cf8   0x21c  sysctl.o [4]
  .text                 ro code       0x1f14   0x150  gpio.o [4]
  .text                 ro code       0x2064   0x130  driverleds.o [1]
  .text                 ro code       0x2194    0xdc  rtx_delay.o [2]
  .text                 ro code       0x2270     0x2  rtx_evr.o [2]
  .text                 ro code       0x2272     0x2  rtx_evr.o [2]
  .text                 ro code       0x2274     0x2  rtx_evr.o [2]
  .text                 ro code       0x2276     0x2  rtx_evr.o [2]
  .text                 ro code       0x2278     0x2  rtx_evr.o [2]
  .text                 ro code       0x227c    0xc4  irq_cm4f.o [2]
  .text                 ro code       0x2340    0x90  rtx_timer.o [2]
  .text                 ro code       0x23d0    0x84  tarefas.o [1]
  .rodata               const         0x2454    0x68  rtx_lib.o [1]
  .text                 ro code       0x24bc    0x44  rtx_timer.o [2]
  .text                 ro code       0x2500     0x2  rtx_evr.o [2]
  .text                 ro code       0x2502    0x38  zero_init3.o [5]
  .rodata               const         0x253c    0x30  sysctl.o [4]
  .text                 ro code       0x256c    0x30  system_TM4C1294_TW.o [1]
  .text                 ro code       0x259c    0x28  data_init.o [5]
  .rodata               const         0x25c4    0x24  rtx_lib.o [1]
  .rodata               const         0x25e8    0x24  rtx_lib.o [1]
  .iar.init_table       const         0x260c    0x20  - Linker created -
  .text                 ro code       0x262c    0x1e  cmain.o [5]
  .text                 ro code       0x264a     0x4  low_level_init.o [3]
  .text                 ro code       0x264e     0x4  exit.o [3]
  .text                 ro code       0x2654     0xa  cexit.o [5]
  .text                 ro code       0x2660    0x14  exit.o [6]
  .text                 ro code       0x2674    0x1c  cstartup_M.o [5]
  .text                 ro code       0x2690    0x14  startup_TM4C1294.o [1]
  .rodata               const         0x26a4    0x18  rtx_lib.o [1]
  .rodata               const         0x26bc     0x4  rtx_lib.o [1]
  .rodata               const         0x26c0     0x0  zero_init3.o [5]
  .rodata               const         0x26c0     0x0  packbits_init_single.o [5]
  Initializer bytes     const         0x26c0     0xd  <for P2-1>
                                    - 0x26cd  0x230d

"P2", part 1 of 3:                              0xa4
  P2-1                           0x2000'0000    0xa4  <Init block>
    .data.os            inited   0x2000'0000    0xa4  rtx_kernel.o [2]
                               - 0x2000'00a4    0xa4

"P2", part 2 of 3:                            0x135c
  .bss.os               zero     0x2000'00a8  0x1000  rtx_lib.o [1]
  .bss.os.thread.stack  zero     0x2000'10a8   0x100  rtx_lib.o [1]
  .bss.os.thread.stack  zero     0x2000'11a8   0x100  rtx_lib.o [1]
  .bss.os.msgqueue.mem  zero     0x2000'12a8    0x50  rtx_lib.o [1]
  .bss.os.thread.cb     zero     0x2000'12f8    0x44  rtx_lib.o [1]
  .bss.os.thread.cb     zero     0x2000'133c    0x44  rtx_lib.o [1]
  .bss.os               zero     0x2000'1380    0x40  rtx_lib.o [1]
  .bss.os.msgqueue.cb   zero     0x2000'13c0    0x34  rtx_lib.o [1]
  .bss                  zero     0x2000'13f4     0x4  tarefas.o [1]
  .bss                  zero     0x2000'13f8     0x4  tarefas.o [1]
  .bss                  zero     0x2000'13fc     0x1  os_systick.o [2]
                               - 0x2000'13fd  0x1359

"P2", part 3 of 3:                            0x8008
  .noinit               uninit   0x2000'1400     0x4  system_TM4C1294_TW.o [1]
  CSTACK                         0x2000'1408  0x8000  <Block>
    CSTACK              uninit   0x2000'1408  0x8000  <Block tail>
                               - 0x2000'9408  0x8008

Unused ranges:

         From           To      Size
         ----           --      ----
       0x26cd     0xf'ffff  0xf'd933
  0x2000'9408  0x2003'ffff  0x3'6bf8


*******************************************************************************
*** INIT TABLE
***

          Address      Size
          -------      ----
Zero (__iar_zero_init3)
    1 destination range, total size 0x1355:
          0x2000'00a8  0x1355

Copy/packbits (__iar_packbits_init_single3)
    1 source range, total size 0xd (7% of destination):
               0x26c0     0xd
    1 destination range, total size 0xa4:
          0x2000'0000    0xa4



*******************************************************************************
*** MODULE SUMMARY
***

    Module                  ro code  ro data  rw data
    ------                  -------  -------  -------
command line/config:
    -------------------------------------------------
    Total:

E:\Universidade\2020_2\Sistemas Embarcados\LaboratorioFinal\EK-TM4C1294_RTOS_IAR8\Projects\tarefas\ewarm\Obj: [1]
    RTX_Config.o                 34
    driverleds.o                304
    rtx_lib.o                     2      204    4'940
    startup_TM4C1294.o          982
    system_TM4C1294_TW.o         48                 4
    tarefas.o                   132                 8
    -------------------------------------------------
    Total:                    1'502      204    4'952

RTX_CM.a: [2]
    irq_cm4f.o                  196
    os_systick.o                118                 1
    rtx_delay.o                 220
    rtx_evr.o                   104
    rtx_kernel.o                732       13      164
    rtx_memory.o                274
    rtx_mempool.o               230
    rtx_msgqueue.o            1'564
    rtx_mutex.o                  82
    rtx_system.o                364
    rtx_thread.o              1'876
    rtx_timer.o                 212
    -------------------------------------------------
    Total:                    5'972       13      165

dl7M_tln.a: [3]
    exit.o                        4
    low_level_init.o              4
    -------------------------------------------------
    Total:                        8

driverlib.a: [4]
    gpio.o                      336
    sysctl.o                    700      588
    -------------------------------------------------
    Total:                    1'036      588

rt7M_tl.a: [5]
    ABImemclr.o                   6
    ABImemclr4.o                  6
    ABImemcpy.o                 166
    ABImemset.o                  94
    ABImemset48.o                50
    cexit.o                      10
    cmain.o                      30
    cstartup_M.o                 28
    data_init.o                  40
    packbits_init_single.o       58
    zero_init3.o                 56
    -------------------------------------------------
    Total:                      544

shb_l.a: [6]
    exit.o                       20
    -------------------------------------------------
    Total:                       20

    Gaps                         12        2        4
    Linker created                        32   32'768
-----------------------------------------------------
    Grand Total:              9'094      839   37'889


*******************************************************************************
*** ENTRY LIST
***

Entry                       Address    Size  Type      Object
-----                       -------    ----  ----      ------
.iar.init_table$$Base        0x260c           --   Gb  - Linker created -
.iar.init_table$$Limit       0x262c           --   Gb  - Linker created -
?main                        0x262d          Code  Gb  cmain.o [5]
CSTACK$$Base            0x2000'1408           --   Gb  - Linker created -
CSTACK$$Limit           0x2000'9408           --   Gb  - Linker created -
EvrRtxDelay                  0x2277     0x2  Code  Gb  rtx_evr.o [2]
EvrRtxDelayCompleted          0xaed     0x2  Code  Gb  rtx_evr.o [2]
EvrRtxDelayError             0x2273     0x2  Code  Gb  rtx_evr.o [2]
EvrRtxDelayStarted           0x2271     0x2  Code  Gb  rtx_evr.o [2]
EvrRtxDelayUntil             0x2279     0x2  Code  Gb  rtx_evr.o [2]
EvrRtxDelayUntilStarted
                             0x2275     0x2  Code  Gb  rtx_evr.o [2]
EvrRtxEventFlagsWaitTimeout
                              0xaf1     0x2  Code  Gb  rtx_evr.o [2]
EvrRtxKernelError            0x1979     0x2  Code  Gb  rtx_evr.o [2]
EvrRtxKernelGetState         0x19c1     0x2  Code  Gb  rtx_evr.o [2]
EvrRtxKernelGetTickCount
                             0x1a39     0x2  Code  Gb  rtx_evr.o [2]
EvrRtxKernelInitialize       0x1a35     0x2  Code  Gb  rtx_evr.o [2]
EvrRtxKernelInitialized
                             0x19bf     0x2  Code  Gb  rtx_evr.o [2]
EvrRtxKernelStart            0x1a37     0x2  Code  Gb  rtx_evr.o [2]
EvrRtxKernelStarted          0x1a31     0x2  Code  Gb  rtx_evr.o [2]
EvrRtxMemoryAlloc             0xda9     0x2  Code  Gb  rtx_evr.o [2]
EvrRtxMemoryBlockAlloc        0xda5     0x2  Code  Gb  rtx_evr.o [2]
EvrRtxMemoryBlockFree         0xda7     0x2  Code  Gb  rtx_evr.o [2]
EvrRtxMemoryBlockInit         0xda3     0x2  Code  Gb  rtx_evr.o [2]
EvrRtxMemoryFree              0xddf     0x2  Code  Gb  rtx_evr.o [2]
EvrRtxMemoryInit             0x1a3b     0x2  Code  Gb  rtx_evr.o [2]
EvrRtxMemoryPoolAllocTimeout
                              0xaf7     0x2  Code  Gb  rtx_evr.o [2]
EvrRtxMessageQueueCreated
                             0x14b3     0x2  Code  Gb  rtx_evr.o [2]
EvrRtxMessageQueueError
                             0x14ab     0x2  Code  Gb  rtx_evr.o [2]
EvrRtxMessageQueueGet        0x162f     0x2  Code  Gb  rtx_evr.o [2]
EvrRtxMessageQueueGetPending
                             0x14b9     0x2  Code  Gb  rtx_evr.o [2]
EvrRtxMessageQueueGetTimeout
                              0xaf9     0x2  Code  Gb  rtx_evr.o [2]
EvrRtxMessageQueueInsertPending
                             0x162d     0x2  Code  Gb  rtx_evr.o [2]
EvrRtxMessageQueueInserted
                             0x14a7     0x2  Code  Gb  rtx_evr.o [2]
EvrRtxMessageQueueNew        0x14bd     0x2  Code  Gb  rtx_evr.o [2]
EvrRtxMessageQueueNotInserted
                             0x14b7     0x2  Code  Gb  rtx_evr.o [2]
EvrRtxMessageQueueNotRetrieved
                             0x14bb     0x2  Code  Gb  rtx_evr.o [2]
EvrRtxMessageQueuePut        0x14bf     0x2  Code  Gb  rtx_evr.o [2]
EvrRtxMessageQueuePutPending
                             0x14b5     0x2  Code  Gb  rtx_evr.o [2]
EvrRtxMessageQueuePutTimeout
                              0xafb     0x2  Code  Gb  rtx_evr.o [2]
EvrRtxMessageQueueRetrieved
                             0x14a9     0x2  Code  Gb  rtx_evr.o [2]
EvrRtxMutexAcquireTimeout
                              0xaf3     0x2  Code  Gb  rtx_evr.o [2]
EvrRtxMutexAcquired           0xde3     0x2  Code  Gb  rtx_evr.o [2]
EvrRtxMutexReleased           0xde1     0x2  Code  Gb  rtx_evr.o [2]
EvrRtxSemaphoreAcquireTimeout
                              0xaf5     0x2  Code  Gb  rtx_evr.o [2]
EvrRtxThreadBlocked           0xb2b     0x2  Code  Gb  rtx_evr.o [2]
EvrRtxThreadCreated           0xcdb     0x2  Code  Gb  rtx_evr.o [2]
EvrRtxThreadDestroyed         0xd7d     0x2  Code  Gb  rtx_evr.o [2]
EvrRtxThreadError             0xc4f     0x2  Code  Gb  rtx_evr.o [2]
EvrRtxThreadExit              0xd81     0x2  Code  Gb  rtx_evr.o [2]
EvrRtxThreadFlagsWaitCompleted
                              0xb2d     0x2  Code  Gb  rtx_evr.o [2]
EvrRtxThreadFlagsWaitTimeout
                              0xaef     0x2  Code  Gb  rtx_evr.o [2]
EvrRtxThreadJoined            0xd7b     0x2  Code  Gb  rtx_evr.o [2]
EvrRtxThreadNew               0xd7f     0x2  Code  Gb  rtx_evr.o [2]
EvrRtxThreadPreempted         0xaff     0x2  Code  Gb  rtx_evr.o [2]
EvrRtxThreadSwitched          0xb29     0x2  Code  Gb  rtx_evr.o [2]
EvrRtxThreadUnblocked         0xafd     0x2  Code  Gb  rtx_evr.o [2]
EvrRtxTimerCallback          0x2501     0x2  Code  Gb  rtx_evr.o [2]
GPIODirModeSet               0x1f15    0x28  Code  Gb  gpio.o [4]
GPIOPadConfigSet             0x1f3d   0x104  Code  Gb  gpio.o [4]
GPIOPinTypeGPIOOutput        0x2049     0xa  Code  Gb  gpio.o [4]
GPIOPinWrite                 0x2041     0x8  Code  Gb  gpio.o [4]
LEDInit                      0x2065    0xba  Code  Gb  driverleds.o [1]
LEDWrite                     0x211f    0x64  Code  Gb  driverleds.o [1]
MessageQueueGet               0xe31    0x40  Code  Lc  rtx_msgqueue.o [2]
MessageQueuePut               0xde5    0x4a  Code  Lc  rtx_msgqueue.o [2]
MessageQueueRemove            0xe71    0x1a  Code  Lc  rtx_msgqueue.o [2]
OS_Tick_AcknowledgeIRQ       0x1691     0xc  Code  Gb  os_systick.o [2]
OS_Tick_Enable               0x1a09    0x28  Code  Gb  os_systick.o [2]
OS_Tick_GetIRQn              0x1a01     0x6  Code  Gb  os_systick.o [2]
OS_Tick_Setup                0x19c5    0x3c  Code  Gb  os_systick.o [2]
PendST                  0x2000'13fc     0x1  Data  Lc  os_systick.o [2]
PendSV_Handler               0x2315          Code  Gb  irq_cm4f.o [2]
Region$$Table$$Base          0x260c           --   Gb  - Linker created -
Region$$Table$$Limit         0x262c           --   Gb  - Linker created -
SVC_Handler                  0x227d          Code  Gb  irq_cm4f.o [2]
SysCtlClockFreqSet           0x1a9f   0x218  Code  Gb  sysctl.o [4]
SysCtlPeripheralEnable       0x1a81     0x8  Code  Gb  sysctl.o [4]
SysCtlPeripheralReady        0x1a5f     0x8  Code  Gb  sysctl.o [4]
SysTick_Handler              0x2325          Code  Gb  irq_cm4f.o [2]
SystemCoreClock         0x2000'1400     0x4  Data  Gb  system_TM4C1294_TW.o [1]
SystemInit                   0x256d    0x1c  Code  Gb  system_TM4C1294_TW.o [1]
ThreadFlagsCheck              0x3c1    0x6c  Code  Lc  rtx_thread.o [2]
TimerInsert                  0x2341    0x38  Code  Lc  rtx_timer.o [2]
_SysCtlMemTimingGet          0x1a3d    0x22  Code  Lc  sysctl.o [4]
__Vectors                       0x0           --   Gb  startup_TM4C1294.o [1]
__Vectors_End                 0x3c0          Data  Gb  startup_TM4C1294.o [1]
__Vectors_Size {Abs}          0x3c0           --   Gb  startup_TM4C1294.o [1]
__aeabi_memclr               0x14ad          Code  Gb  ABImemclr.o [5]
__aeabi_memclr4               0xcd5          Code  Gb  ABImemclr4.o [5]
__aeabi_memcpy               0x1401          Code  Gb  ABImemcpy.o [5]
__aeabi_memcpy4              0x1421          Code  Gb  ABImemcpy.o [5]
__aeabi_memcpy8              0x1421          Code  Gb  ABImemcpy.o [5]
__cmain                      0x262d          Code  Gb  cmain.o [5]
__exit                       0x2661    0x14  Code  Gb  exit.o [6]
__iar_Memset4_word            0xdad          Code  Gb  ABImemset48.o [5]
__iar_Memset8_word            0xdad          Code  Gb  ABImemset48.o [5]
__iar_Memset_word            0x1631          Code  Gb  ABImemset.o [5]
__iar_data_init3             0x259d    0x28  Code  Gb  data_init.o [5]
__iar_init_vfp               0x2699          Code  Wk  startup_TM4C1294.o [1]
__iar_packbits_init_single3
                              0xb2f    0x3a  Code  Gb  packbits_init_single.o [5]
__iar_program_start          0x2675          Code  Gb  cstartup_M.o [5]
__iar_zero_init3             0x2503    0x38  Code  Gb  zero_init3.o [5]
__low_level_init             0x264b     0x4  Code  Gb  low_level_init.o [3]
__vector_table                  0x0          Data  Gb  startup_TM4C1294.o [1]
__vector_table_0x1c            0x1c          Data  Gb  startup_TM4C1294.o [1]
_call_main                   0x2639          Code  Gb  cmain.o [5]
_exit                        0x2655          Code  Gb  cexit.o [5]
exit                         0x264f     0x4  Code  Gb  exit.o [3]
g_pppui32XTALtoVCO           0x1cf8   0x1b0  Data  Lc  sysctl.o [4]
g_pui32VCOFrequencies        0x1cf0     0x8  Data  Lc  sysctl.o [4]
g_pui32Xtals                 0x1ea8    0x6c  Data  Lc  sysctl.o [4]
g_sXTALtoMEMTIM              0x253c    0x30  Data  Lc  sysctl.o [4]
main                         0x240d    0x36  Code  Gb  tarefas.o [1]
osDelay                      0x21f5    0x38  Code  Gb  rtx_delay.o [2]
osDelayUntil                 0x222d    0x38  Code  Gb  rtx_delay.o [2]
osKernelGetState             0x18ad    0x40  Code  Gb  rtx_kernel.o [2]
osKernelGetTickCount         0x1921    0x20  Code  Gb  rtx_kernel.o [2]
osKernelInitialize           0x1875    0x38  Code  Gb  rtx_kernel.o [2]
osKernelStart                0x18ed    0x34  Code  Gb  rtx_kernel.o [2]
osMessageQueueGet            0x135d    0x90  Code  Gb  rtx_msgqueue.o [2]
osMessageQueueNew            0x1285    0x3e  Code  Gb  rtx_msgqueue.o [2]
osMessageQueuePut            0x12c5    0x98  Code  Gb  rtx_msgqueue.o [2]
osRtxConfig                  0x2454    0x68  Data  Gb  rtx_lib.o [1]
osRtxErrorNotify              0xd83    0x20  Code  Gb  RTX_Config.o [1]
osRtxIdleThread               0xd27     0x2  Code  Gb  RTX_Config.o [1]
osRtxInfo               0x2000'0000    0xa4  Data  Gb  rtx_kernel.o [2]
osRtxKernelPreInit           0x1a33     0x2  Code  Gb  rtx_lib.o [1]
osRtxMemoryAlloc              0xc51    0x84  Code  Gb  rtx_memory.o [2]
osRtxMemoryFree               0xcdd    0x4a  Code  Gb  rtx_memory.o [2]
osRtxMemoryInit              0x197b    0x44  Code  Gb  rtx_memory.o [2]
osRtxMemoryPoolAlloc          0xbb5    0x44  Code  Gb  rtx_mempool.o [2]
osRtxMemoryPoolFree           0xbf9    0x56  Code  Gb  rtx_mempool.o [2]
osRtxMemoryPoolInit           0xb69    0x4a  Code  Gb  rtx_mempool.o [2]
osRtxMessageQueuePostProcess
                              0xe8b    0xe6  Code  Lc  rtx_msgqueue.o [2]
osRtxMutexOwnerRelease        0xd29    0x52  Code  Gb  rtx_mutex.o [2]
osRtxPendSV_Handler          0x1531    0x88  Code  Gb  rtx_system.o [2]
osRtxPostProcess             0x15b9    0x6c  Code  Gb  rtx_system.o [2]
osRtxThreadBlock              0x629    0x34  Code  Lc  rtx_thread.o [2]
osRtxThreadDelayInsert        0x481    0x62  Code  Lc  rtx_thread.o [2]
osRtxThreadDelayRemove        0x4e3    0x44  Code  Lc  rtx_thread.o [2]
osRtxThreadDelayTick          0x527    0xee  Code  Gb  rtx_thread.o [2]
osRtxThreadDispatch           0x679    0x54  Code  Gb  rtx_thread.o [2]
osRtxThreadFree               0x957    0x54  Code  Lc  rtx_thread.o [2]
osRtxThreadListGet            0x44f    0x14  Code  Gb  rtx_thread.o [2]
osRtxThreadListPut            0x42d    0x22  Code  Gb  rtx_thread.o [2]
osRtxThreadListRemove         0x463    0x16  Code  Gb  rtx_thread.o [2]
osRtxThreadPostProcess        0x741    0x54  Code  Lc  rtx_thread.o [2]
osRtxThreadReadyPut           0x479     0x8  Code  Gb  rtx_thread.o [2]
osRtxThreadRegPtr             0x615    0x14  Code  Gb  rtx_thread.o [2]
osRtxThreadStackCheck         0xb01    0x28  Code  Gb  rtx_thread.o [2]
osRtxThreadStartup            0xa3d    0x30  Code  Gb  rtx_thread.o [2]
osRtxThreadSwitch             0x65d    0x1c  Code  Gb  rtx_thread.o [2]
osRtxThreadWaitEnter          0x707    0x3a  Code  Gb  rtx_thread.o [2]
osRtxThreadWaitExit           0x6d3    0x2e  Code  Gb  rtx_thread.o [2]
osRtxTick_Handler            0x14c1    0x6e  Code  Gb  rtx_system.o [2]
osRtxTimerThread             0x24bd    0x44  Code  Gb  rtx_timer.o [2]
osRtxTimerTick               0x2379    0x54  Code  Lc  rtx_timer.o [2]
osRtxUserSVC                 0x26bc     0x4  Data  Gb  rtx_lib.o [1]
osThreadExit                  0xab9    0x16  Code  Gb  rtx_thread.o [2]
osThreadNew                   0xa71    0x40  Code  Gb  rtx_thread.o [2]
os_idle_thread_attr          0x25c4    0x24  Data  Lc  rtx_lib.o [1]
os_idle_thread_cb       0x2000'12f8    0x44  Data  Lc  rtx_lib.o [1]
os_idle_thread_stack    0x2000'10a8   0x100  Data  Lc  rtx_lib.o [1]
os_isr_queue            0x2000'1380    0x40  Data  Lc  rtx_lib.o [1]
os_mem                  0x2000'00a8  0x1000  Data  Lc  rtx_lib.o [1]
os_timer_mq_attr             0x26a4    0x18  Data  Lc  rtx_lib.o [1]
os_timer_mq_cb          0x2000'13c0    0x34  Data  Lc  rtx_lib.o [1]
os_timer_mq_data        0x2000'12a8    0x50  Data  Lc  rtx_lib.o [1]
os_timer_thread_attr         0x25e8    0x24  Data  Lc  rtx_lib.o [1]
os_timer_thread_cb      0x2000'133c    0x44  Data  Lc  rtx_lib.o [1]
os_timer_thread_stack   0x2000'11a8   0x100  Data  Lc  rtx_lib.o [1]
svcRtxDelay                  0x2195    0x24  Code  Lc  rtx_delay.o [2]
svcRtxDelayUntil             0x21b9    0x3c  Code  Lc  rtx_delay.o [2]
svcRtxKernelGetState         0x17c9    0x12  Code  Lc  rtx_kernel.o [2]
svcRtxKernelGetTickCount
                             0x1871     0x4  Code  Lc  rtx_kernel.o [2]
svcRtxKernelInitialize       0x169d   0x12c  Code  Lc  rtx_kernel.o [2]
svcRtxKernelStart            0x17db    0x96  Code  Lc  rtx_kernel.o [2]
svcRtxMessageQueueGet        0x1175    0xe8  Code  Lc  rtx_msgqueue.o [2]
svcRtxMessageQueueNew         0xf71   0x130  Code  Lc  rtx_msgqueue.o [2]
svcRtxMessageQueuePut        0x10a1    0xd4  Code  Lc  rtx_msgqueue.o [2]
svcRtxThreadExit              0x9ab    0x8e  Code  Lc  rtx_thread.o [2]
svcRtxThreadNew               0x795   0x1bc  Code  Lc  rtx_thread.o [2]
thread1                      0x23d1    0x1a  Code  Gb  tarefas.o [1]
thread1_id              0x2000'13f4     0x4  Data  Gb  tarefas.o [1]
thread2                      0x23eb    0x22  Code  Gb  tarefas.o [1]
thread2_id              0x2000'13f8     0x4  Data  Gb  tarefas.o [1]


[1] = E:\Universidade\2020_2\Sistemas Embarcados\LaboratorioFinal\EK-TM4C1294_RTOS_IAR8\Projects\tarefas\ewarm\Obj
[2] = RTX_CM.a
[3] = dl7M_tln.a
[4] = driverlib.a
[5] = rt7M_tl.a
[6] = shb_l.a

   9'094 bytes of readonly  code memory
     839 bytes of readonly  data memory
  37'889 bytes of readwrite data memory

Errors: none
Warnings: none
