###############################################################################
#
# IAR ELF Linker V9.10.1.308/W64 for ARM                  18/May/2021  16:38:06
# Copyright 2007-2021 IAR Systems AB.
#
#    Output file  =
#        E:\Universidade\2020_2\Sistemas
#        Embarcados\LaboratorioFinal\EK-TM4C1294_RTOS_IAR8\Projects\UART_inst\ewarm\Exe\UART_inst.out
#    Map file     =
#        E:\Universidade\2020_2\Sistemas
#        Embarcados\LaboratorioFinal\EK-TM4C1294_RTOS_IAR8\Projects\UART_inst\ewarm\List\UART_inst.map
#    Command line =
#        -f "E:\Universidade\2020_2\Sistemas
#        Embarcados\LaboratorioFinal\EK-TM4C1294_RTOS_IAR8\Projects\UART_inst\ewarm\Exe\UART_inst.out.rsp"
#        ("E:\Universidade\2020_2\Sistemas
#        Embarcados\LaboratorioFinal\EK-TM4C1294_RTOS_IAR8\TivaWare_C_Series-2.1.4.178\driverlib\ewarm\Exe\driverlib.a"
#        "E:\Universidade\2020_2\Sistemas
#        Embarcados\LaboratorioFinal\EK-TM4C1294_RTOS_IAR8\CMSIS-5.6.0\CMSIS\RTOS2\RTX\Library\IAR\IDE\CM4F\Exe\RTX_CM.a"
#        "E:\Universidade\2020_2\Sistemas
#        Embarcados\LaboratorioFinal\EK-TM4C1294_RTOS_IAR8\Projects\UART_inst\ewarm\Obj\RTX_Config.o"
#        "E:\Universidade\2020_2\Sistemas
#        Embarcados\LaboratorioFinal\EK-TM4C1294_RTOS_IAR8\Projects\UART_inst\ewarm\Obj\rtx_lib.o"
#        "E:\Universidade\2020_2\Sistemas
#        Embarcados\LaboratorioFinal\EK-TM4C1294_RTOS_IAR8\Projects\UART_inst\ewarm\Obj\startup_TM4C1294.o"
#        "E:\Universidade\2020_2\Sistemas
#        Embarcados\LaboratorioFinal\EK-TM4C1294_RTOS_IAR8\Projects\UART_inst\ewarm\Obj\system_TM4C1294_TW.o"
#        "E:\Universidade\2020_2\Sistemas
#        Embarcados\LaboratorioFinal\EK-TM4C1294_RTOS_IAR8\Projects\UART_inst\ewarm\Obj\UART_inst.o"
#        "E:\Universidade\2020_2\Sistemas
#        Embarcados\LaboratorioFinal\EK-TM4C1294_RTOS_IAR8\Projects\UART_inst\ewarm\Obj\uartstdio.o"
#        --no_out_extension -o "E:\Universidade\2020_2\Sistemas
#        Embarcados\LaboratorioFinal\EK-TM4C1294_RTOS_IAR8\Projects\UART_inst\ewarm\Exe\UART_inst.out"
#        --map "E:\Universidade\2020_2\Sistemas
#        Embarcados\LaboratorioFinal\EK-TM4C1294_RTOS_IAR8\Projects\UART_inst\ewarm\List\UART_inst.map"
#        --config "C:\Program Files\IAR Systems\Embedded Workbench
#        9.0\arm\config\linker\TexasInstruments\TM4C1294NC.icf" --semihosting
#        --entry __iar_program_start --vfe --text_out locale)
#
###############################################################################

*******************************************************************************
*** RUNTIME MODEL ATTRIBUTES
***

CppFlavor       = *
__SystemLibrary = DLib
__dlib_version  = 6


*******************************************************************************
*** HEAP SELECTION
***

The basic heap was selected because some modules are built with
size limitations (and not runtime checking), and --advanced_heap
was not specified.


*******************************************************************************
*** PLACEMENT SUMMARY
***

"A0":  place at address 0x0 { ro section .intvec };
"P1":  place in [from 0x0 to 0xf'ffff] { ro };
define block CSTACK with size = 32K, alignment = 8 { };
define block HEAP with size = 64K, alignment = 8 { };
"P2":  place in [from 0x2000'0000 to 0x2003'ffff] {
          rw, block CSTACK, block HEAP };
initialize by copy { rw };

  Section               Kind         Address    Size  Object
  -------               ----         -------    ----  ------
"A0":                                          0x3c0
  .intvec               ro code          0x0   0x3c0  startup_TM4C1294.o [1]
                                     - 0x3c0   0x3c0

"P1":                                         0x2f19
  .text                 ro code        0x3c0   0x7ac  rtx_thread.o [2]
  .text                 ro code        0xb6c     0x2  rtx_evr.o [2]
  .text                 ro code        0xb6e     0x2  rtx_evr.o [2]
  .text                 ro code        0xb70     0x2  rtx_evr.o [2]
  .text                 ro code        0xb72     0x2  rtx_evr.o [2]
  .text                 ro code        0xb74     0x2  rtx_evr.o [2]
  .text                 ro code        0xb76     0x2  rtx_evr.o [2]
  .text                 ro code        0xb78     0x2  rtx_evr.o [2]
  .text                 ro code        0xb7a     0x2  rtx_evr.o [2]
  .text                 ro code        0xb7c     0x2  rtx_evr.o [2]
  .text                 ro code        0xb7e     0x2  rtx_evr.o [2]
  .text                 ro code        0xb80    0x28  rtx_thread.o [2]
  .text                 ro code        0xba8     0x2  rtx_evr.o [2]
  .text                 ro code        0xbaa     0x2  rtx_evr.o [2]
  .text                 ro code        0xbac     0x2  rtx_evr.o [2]
  .text                 ro code        0xbae    0x3a  packbits_init_single.o [5]
  .text                 ro code        0xbe8    0xe6  rtx_mempool.o [2]
  .text                 ro code        0xcce     0x2  rtx_evr.o [2]
  .text                 ro code        0xcd0    0x84  rtx_memory.o [2]
  .text                 ro code        0xd54     0x6  ABImemclr4.o [5]
  .text                 ro code        0xd5a     0x2  rtx_evr.o [2]
  .text                 ro code        0xd5c    0x4a  rtx_memory.o [2]
  .text                 ro code        0xda6     0x2  RTX_Config.o [1]
  .text                 ro code        0xda8    0x52  rtx_mutex.o [2]
  .text                 ro code        0xdfa     0x2  rtx_evr.o [2]
  .text                 ro code        0xdfc     0x2  rtx_evr.o [2]
  .text                 ro code        0xdfe     0x2  rtx_evr.o [2]
  .text                 ro code        0xe00     0x2  rtx_evr.o [2]
  .text                 ro code        0xe02     0x2  rtx_evr.o [2]
  .text                 ro code        0xe04    0x20  RTX_Config.o [1]
  .text                 ro code        0xe24     0x2  rtx_evr.o [2]
  .text                 ro code        0xe26     0x2  rtx_evr.o [2]
  .text                 ro code        0xe28     0x2  rtx_evr.o [2]
  .text                 ro code        0xe2a     0x2  rtx_evr.o [2]
  .text                 ro code        0xe2c    0x32  ABImemset48.o [5]
  .text                 ro code        0xe5e     0x2  rtx_evr.o [2]
  .text                 ro code        0xe60     0x2  rtx_evr.o [2]
  .text                 ro code        0xe62     0x2  rtx_evr.o [2]
  .text                 ro code        0xe64   0x61c  rtx_msgqueue.o [2]
  .text                 ro code       0x1480    0xa6  ABImemcpy.o [5]
  .text                 ro code       0x1526     0x2  rtx_evr.o [2]
  .text                 ro code       0x1528     0x2  rtx_evr.o [2]
  .text                 ro code       0x152a     0x2  rtx_evr.o [2]
  .text                 ro code       0x152c     0x6  ABImemclr.o [5]
  .text                 ro code       0x1532     0x2  rtx_evr.o [2]
  .text                 ro code       0x1534     0x2  rtx_evr.o [2]
  .text                 ro code       0x1536     0x2  rtx_evr.o [2]
  .text                 ro code       0x1538     0x2  rtx_evr.o [2]
  .text                 ro code       0x153a     0x2  rtx_evr.o [2]
  .text                 ro code       0x153c     0x2  rtx_evr.o [2]
  .text                 ro code       0x153e     0x2  rtx_evr.o [2]
  .text                 ro code       0x1540   0x16c  rtx_system.o [2]
  .text                 ro code       0x16ac     0x2  rtx_evr.o [2]
  .text                 ro code       0x16ae     0x2  rtx_evr.o [2]
  .text                 ro code       0x16b0    0x5e  ABImemset.o [5]
  .text                 ro code       0x170e     0x2  startup_TM4C1294.o [1]
  .text                 ro code       0x1710     0xc  os_systick.o [2]
  .text                 ro code       0x171c   0x5d4  uartstdio.o [1]
  .text                 ro code       0x1cf0    0xf8  interrupt.o [4]
  .text                 ro code       0x1de8   0x112  uart.o [4]
  .text                 ro code       0x1efc   0x2c8  sysctl.o [4]
  .text                 ro code       0x21c4    0x10  cpu.o [4]
  .text                 ro code       0x21d4   0x4c4  UART_inst.o [1]
  .text                 ro code       0x2698   0x18c  gpio.o [4]
  .text                 ro code       0x2824    0x64  rtx_delay.o [2]
  .text                 ro code       0x2888    0x30  system_TM4C1294_TW.o [1]
  .text                 ro code       0x28b8   0x2a8  rtx_kernel.o [2]
  .text                 ro code       0x2b60     0x2  rtx_evr.o [2]
  .text                 ro code       0x2b62     0x2  rtx_evr.o [2]
  .text                 ro code       0x2b64     0x2  rtx_evr.o [2]
  .text                 ro code       0x2b66     0x2  rtx_evr.o [2]
  .text                 ro code       0x2b68    0x44  rtx_memory.o [2]
  .text                 ro code       0x2bac     0x2  rtx_evr.o [2]
  .text                 ro code       0x2bae     0x2  rtx_evr.o [2]
  .text                 ro code       0x2bb0    0x3c  os_systick.o [2]
  .text                 ro code       0x2bec     0x6  os_systick.o [2]
  .text                 ro code       0x2bf4    0x28  os_systick.o [2]
  .text                 ro code       0x2c1c     0x2  rtx_evr.o [2]
  .text                 ro code       0x2c1e     0x2  rtx_lib.o [1]
  .text                 ro code       0x2c20     0x2  rtx_evr.o [2]
  .text                 ro code       0x2c22     0x2  rtx_evr.o [2]
  .text                 ro code       0x2c24     0x2  rtx_evr.o [2]
  .rodata               const         0x2c28   0x21c  sysctl.o [4]
  .text                 ro code       0x2e44    0xc4  irq_cm4f.o [2]
  .rodata               const         0x2f08    0x90  gpio.o [4]
  .text                 ro code       0x2f98    0x90  rtx_timer.o [2]
  .rodata               const         0x3028    0x68  rtx_lib.o [1]
  .text                 ro code       0x3090    0x44  rtx_timer.o [2]
  .text                 ro code       0x30d4     0x2  rtx_evr.o [2]
  .text                 ro code       0x30d6    0x38  zero_init3.o [5]
  .rodata               const         0x3110    0x30  sysctl.o [4]
  .text                 ro code       0x3140    0x28  data_init.o [5]
  .rodata               const         0x3168    0x24  rtx_lib.o [1]
  .rodata               const         0x318c    0x24  rtx_lib.o [1]
  .iar.init_table       const         0x31b0    0x20  - Linker created -
  .text                 ro code       0x31d0    0x1e  cmain.o [5]
  .text                 ro code       0x31ee     0x4  low_level_init.o [3]
  .text                 ro code       0x31f2     0x4  exit.o [3]
  .text                 ro code       0x31f8     0xa  cexit.o [5]
  .text                 ro code       0x3204    0x14  exit.o [6]
  .text                 ro code       0x3218    0x1c  cstartup_M.o [5]
  .text                 ro code       0x3234    0x14  startup_TM4C1294.o [1]
  .rodata               const         0x3248    0x18  rtx_lib.o [1]
  .rodata               const         0x3260    0x14  uartstdio.o [1]
  .rodata               const         0x3274    0x10  rtx_lib.o [1]
  .rodata               const         0x3284     0xc  rtx_lib.o [1]
  .rodata               const         0x3290     0xc  uartstdio.o [1]
  .rodata               const         0x329c     0xc  uartstdio.o [1]
  .rodata               const         0x32a8     0xc  uartstdio.o [1]
  .rodata               const         0x32b4     0x8  UART_inst.o [1]
  .rodata               const         0x32bc     0x8  uartstdio.o [1]
  .rodata               const         0x32c4     0x4  rtx_lib.o [1]
  .rodata               const         0x32c8     0x4  uartstdio.o [1]
  .rodata               const         0x32cc     0x0  zero_init3.o [5]
  .rodata               const         0x32cc     0x0  packbits_init_single.o [5]
  Initializer bytes     const         0x32cc     0xd  <for P2-1>
                                    - 0x32d9  0x2f19

"P2", part 1 of 3:                              0xa4
  P2-1                           0x2000'0000    0xa4  <Init block>
    .data.os            inited   0x2000'0000    0xa4  rtx_kernel.o [2]
                               - 0x2000'00a4    0xa4

"P2", part 2 of 3:                            0x1810
  .bss.os               zero     0x2000'00a8  0x1000  rtx_lib.o [1]
  .bss                  zero     0x2000'10a8   0x400  uartstdio.o [1]
  .bss.os.thread.stack  zero     0x2000'14a8   0x100  rtx_lib.o [1]
  .bss.os.thread.stack  zero     0x2000'15a8   0x100  rtx_lib.o [1]
  .bss                  zero     0x2000'16a8    0x80  uartstdio.o [1]
  .bss.os.msgqueue.mem  zero     0x2000'1728    0x50  rtx_lib.o [1]
  .bss.os.thread.cb     zero     0x2000'1778    0x44  rtx_lib.o [1]
  .bss.os.thread.cb     zero     0x2000'17bc    0x44  rtx_lib.o [1]
  .bss.os               zero     0x2000'1800    0x40  rtx_lib.o [1]
  .bss.os.msgqueue.cb   zero     0x2000'1840    0x34  rtx_lib.o [1]
  .bss                  zero     0x2000'1874     0x4  UART_inst.o [1]
  .bss                  zero     0x2000'1878     0x4  UART_inst.o [1]
  .bss                  zero     0x2000'187c     0x4  UART_inst.o [1]
  .bss                  zero     0x2000'1880     0x4  UART_inst.o [1]
  .bss                  zero     0x2000'1884     0x4  UART_inst.o [1]
  .bss                  zero     0x2000'1888     0x4  UART_inst.o [1]
  .bss                  zero     0x2000'188c     0x4  UART_inst.o [1]
  .bss                  zero     0x2000'1890     0x4  UART_inst.o [1]
  .bss                  zero     0x2000'1894     0x4  UART_inst.o [1]
  .bss                  zero     0x2000'1898     0x4  uartstdio.o [1]
  .bss                  zero     0x2000'189c     0x4  uartstdio.o [1]
  .bss                  zero     0x2000'18a0     0x4  uartstdio.o [1]
  .bss                  zero     0x2000'18a4     0x4  uartstdio.o [1]
  .bss                  zero     0x2000'18a8     0x4  uartstdio.o [1]
  .bss                  zero     0x2000'18ac     0x4  uartstdio.o [1]
  .bss                  zero     0x2000'18b0     0x1  uartstdio.o [1]
  .bss                  zero     0x2000'18b1     0x1  uartstdio.o [1]
  .bss                  zero     0x2000'18b2     0x1  os_systick.o [2]
                               - 0x2000'18b3  0x180f

"P2", part 3 of 3:                            0x8004
  .noinit               uninit   0x2000'18b4     0x4  system_TM4C1294_TW.o [1]
  CSTACK                         0x2000'18b8  0x8000  <Block>
    CSTACK              uninit   0x2000'18b8  0x8000  <Block tail>
                               - 0x2000'98b8  0x8004

Unused ranges:

         From           To      Size
         ----           --      ----
       0x32d9     0xf'ffff  0xf'cd27
  0x2000'98b8  0x2003'ffff  0x3'6748


*******************************************************************************
*** INIT TABLE
***

          Address      Size
          -------      ----
Zero (__iar_zero_init3)
    1 destination range, total size 0x180b:
          0x2000'00a8  0x180b

Copy/packbits (__iar_packbits_init_single3)
    1 source range, total size 0xd (7% of destination):
               0x32cc     0xd
    1 destination range, total size 0xa4:
          0x2000'0000    0xa4



*******************************************************************************
*** MODULE SUMMARY
***

    Module                  ro code  ro data  rw data
    ------                  -------  -------  -------
command line/config:
    -------------------------------------------------
    Total:

E:\Universidade\2020_2\Sistemas Embarcados\LaboratorioFinal\EK-TM4C1294_RTOS_IAR8\Projects\UART_inst\ewarm\Obj: [1]
    RTX_Config.o                 34
    UART_inst.o               1'220        8       36
    rtx_lib.o                     2      232    4'940
    startup_TM4C1294.o          982
    system_TM4C1294_TW.o         48                 4
    uartstdio.o               1'492       68    1'178
    -------------------------------------------------
    Total:                    3'778      308    6'158

RTX_CM.a: [2]
    irq_cm4f.o                  196
    os_systick.o                118                 1
    rtx_delay.o                 100
    rtx_evr.o                   100
    rtx_kernel.o                680       13      164
    rtx_memory.o                274
    rtx_mempool.o               230
    rtx_msgqueue.o            1'564
    rtx_mutex.o                  82
    rtx_system.o                364
    rtx_thread.o              2'004
    rtx_timer.o                 212
    -------------------------------------------------
    Total:                    5'924       13      165

dl7M_tln.a: [3]
    exit.o                        4
    low_level_init.o              4
    -------------------------------------------------
    Total:                        8

driverlib.a: [4]
    cpu.o                        16
    gpio.o                      396      144
    interrupt.o                 248
    sysctl.o                    712      588
    uart.o                      274
    -------------------------------------------------
    Total:                    1'646      732

rt7M_tl.a: [5]
    ABImemclr.o                   6
    ABImemclr4.o                  6
    ABImemcpy.o                 166
    ABImemset.o                  94
    ABImemset48.o                50
    cexit.o                      10
    cmain.o                      30
    cstartup_M.o                 28
    data_init.o                  40
    packbits_init_single.o       58
    zero_init3.o                 56
    -------------------------------------------------
    Total:                      544

shb_l.a: [6]
    exit.o                       20
    -------------------------------------------------
    Total:                       20

    Gaps                          8        4        4
    Linker created                        32   32'768
-----------------------------------------------------
    Grand Total:             11'928    1'089   39'095


*******************************************************************************
*** ENTRY LIST
***

Entry                       Address    Size  Type      Object
-----                       -------    ----  ----      ------
.iar.init_table$$Base        0x31b0           --   Gb  - Linker created -
.iar.init_table$$Limit       0x31d0           --   Gb  - Linker created -
?main                        0x31d1          Code  Gb  cmain.o [5]
CPUcpsid                     0x21c5     0x8  Code  Gb  cpu.o [4]
CPUcpsie                     0x21cd     0x8  Code  Gb  cpu.o [4]
CSTACK$$Base            0x2000'18b8           --   Gb  - Linker created -
CSTACK$$Limit           0x2000'98b8           --   Gb  - Linker created -
EvrRtxDelay                  0x2b63     0x2  Code  Gb  rtx_evr.o [2]
EvrRtxDelayCompleted          0xb6d     0x2  Code  Gb  rtx_evr.o [2]
EvrRtxDelayError             0x2b65     0x2  Code  Gb  rtx_evr.o [2]
EvrRtxDelayStarted           0x2b61     0x2  Code  Gb  rtx_evr.o [2]
EvrRtxEventFlagsWaitTimeout
                              0xb71     0x2  Code  Gb  rtx_evr.o [2]
EvrRtxKernelError            0x2b67     0x2  Code  Gb  rtx_evr.o [2]
EvrRtxKernelGetState         0x2baf     0x2  Code  Gb  rtx_evr.o [2]
EvrRtxKernelInitialize       0x2c21     0x2  Code  Gb  rtx_evr.o [2]
EvrRtxKernelInitialized
                             0x2bad     0x2  Code  Gb  rtx_evr.o [2]
EvrRtxKernelStart            0x2c23     0x2  Code  Gb  rtx_evr.o [2]
EvrRtxKernelStarted          0x2c1d     0x2  Code  Gb  rtx_evr.o [2]
EvrRtxMemoryAlloc             0xe2b     0x2  Code  Gb  rtx_evr.o [2]
EvrRtxMemoryBlockAlloc        0xe27     0x2  Code  Gb  rtx_evr.o [2]
EvrRtxMemoryBlockFree         0xe29     0x2  Code  Gb  rtx_evr.o [2]
EvrRtxMemoryBlockInit         0xe25     0x2  Code  Gb  rtx_evr.o [2]
EvrRtxMemoryFree              0xe5f     0x2  Code  Gb  rtx_evr.o [2]
EvrRtxMemoryInit             0x2c25     0x2  Code  Gb  rtx_evr.o [2]
EvrRtxMemoryPoolAllocTimeout
                              0xb77     0x2  Code  Gb  rtx_evr.o [2]
EvrRtxMessageQueueCreated
                             0x1533     0x2  Code  Gb  rtx_evr.o [2]
EvrRtxMessageQueueError
                             0x152b     0x2  Code  Gb  rtx_evr.o [2]
EvrRtxMessageQueueGet        0x16af     0x2  Code  Gb  rtx_evr.o [2]
EvrRtxMessageQueueGetPending
                             0x1539     0x2  Code  Gb  rtx_evr.o [2]
EvrRtxMessageQueueGetTimeout
                              0xb79     0x2  Code  Gb  rtx_evr.o [2]
EvrRtxMessageQueueInsertPending
                             0x16ad     0x2  Code  Gb  rtx_evr.o [2]
EvrRtxMessageQueueInserted
                             0x1527     0x2  Code  Gb  rtx_evr.o [2]
EvrRtxMessageQueueNew        0x153d     0x2  Code  Gb  rtx_evr.o [2]
EvrRtxMessageQueueNotInserted
                             0x1537     0x2  Code  Gb  rtx_evr.o [2]
EvrRtxMessageQueueNotRetrieved
                             0x153b     0x2  Code  Gb  rtx_evr.o [2]
EvrRtxMessageQueuePut        0x153f     0x2  Code  Gb  rtx_evr.o [2]
EvrRtxMessageQueuePutPending
                             0x1535     0x2  Code  Gb  rtx_evr.o [2]
EvrRtxMessageQueuePutTimeout
                              0xb7b     0x2  Code  Gb  rtx_evr.o [2]
EvrRtxMessageQueueRetrieved
                             0x1529     0x2  Code  Gb  rtx_evr.o [2]
EvrRtxMutexAcquireTimeout
                              0xb73     0x2  Code  Gb  rtx_evr.o [2]
EvrRtxMutexAcquired           0xe63     0x2  Code  Gb  rtx_evr.o [2]
EvrRtxMutexReleased           0xe61     0x2  Code  Gb  rtx_evr.o [2]
EvrRtxSemaphoreAcquireTimeout
                              0xb75     0x2  Code  Gb  rtx_evr.o [2]
EvrRtxThreadBlocked           0xbab     0x2  Code  Gb  rtx_evr.o [2]
EvrRtxThreadCreated           0xd5b     0x2  Code  Gb  rtx_evr.o [2]
EvrRtxThreadDestroyed         0xdfd     0x2  Code  Gb  rtx_evr.o [2]
EvrRtxThreadError             0xccf     0x2  Code  Gb  rtx_evr.o [2]
EvrRtxThreadExit              0xe03     0x2  Code  Gb  rtx_evr.o [2]
EvrRtxThreadFlagsWaitCompleted
                              0xbad     0x2  Code  Gb  rtx_evr.o [2]
EvrRtxThreadFlagsWaitTimeout
                              0xb6f     0x2  Code  Gb  rtx_evr.o [2]
EvrRtxThreadJoined            0xdfb     0x2  Code  Gb  rtx_evr.o [2]
EvrRtxThreadNew               0xdff     0x2  Code  Gb  rtx_evr.o [2]
EvrRtxThreadPreempted         0xb7f     0x2  Code  Gb  rtx_evr.o [2]
EvrRtxThreadSwitched          0xba9     0x2  Code  Gb  rtx_evr.o [2]
EvrRtxThreadUnblocked         0xb7d     0x2  Code  Gb  rtx_evr.o [2]
EvrRtxThreadYield             0xe01     0x2  Code  Gb  rtx_evr.o [2]
EvrRtxTimerCallback          0x30d5     0x2  Code  Gb  rtx_evr.o [2]
GPIODirModeSet               0x2699    0x28  Code  Gb  gpio.o [4]
GPIOPadConfigSet             0x26c1   0x104  Code  Gb  gpio.o [4]
GPIOPinConfigure             0x27e5    0x36  Code  Gb  gpio.o [4]
GPIOPinTypeUART              0x27d1    0x14  Code  Gb  gpio.o [4]
IntDisable                   0x1d61    0x56  Code  Gb  interrupt.o [4]
IntEnable                    0x1d09    0x56  Code  Gb  interrupt.o [4]
IntMasterDisable             0x1cf9     0x6  Code  Gb  interrupt.o [4]
IntMasterEnable              0x1cf1     0x8  Code  Gb  interrupt.o [4]
IsBufferEmpty                0x1739    0x12  Code  Lc  uartstdio.o [1]
IsBufferFull                 0x171d    0x1c  Code  Lc  uartstdio.o [1]
MessageQueueGet               0xeb1    0x40  Code  Lc  rtx_msgqueue.o [2]
MessageQueuePut               0xe65    0x4a  Code  Lc  rtx_msgqueue.o [2]
MessageQueueRemove            0xef1    0x1a  Code  Lc  rtx_msgqueue.o [2]
OS_Tick_AcknowledgeIRQ       0x1711     0xc  Code  Gb  os_systick.o [2]
OS_Tick_Enable               0x2bf5    0x28  Code  Gb  os_systick.o [2]
OS_Tick_GetIRQn              0x2bed     0x6  Code  Gb  os_systick.o [2]
OS_Tick_Setup                0x2bb1    0x3c  Code  Gb  os_systick.o [2]
PendST                  0x2000'18b2     0x1  Data  Lc  os_systick.o [2]
PendSV_Handler               0x2edd          Code  Gb  irq_cm4f.o [2]
Region$$Table$$Base          0x31b0           --   Gb  - Linker created -
Region$$Table$$Limit         0x31d0           --   Gb  - Linker created -
SVC_Handler                  0x2e45          Code  Gb  irq_cm4f.o [2]
SysCtlClockFreqSet           0x1f69   0x218  Code  Gb  sysctl.o [4]
SysCtlPeripheralEnable       0x1f4b     0x8  Code  Gb  sysctl.o [4]
SysCtlPeripheralPresent
                             0x1f1f     0xa  Code  Gb  sysctl.o [4]
SysCtlPeripheralReady        0x1f29     0x8  Code  Gb  sysctl.o [4]
SysTick_Handler              0x2eed          Code  Gb  irq_cm4f.o [2]
SystemCoreClock         0x2000'18b4     0x4  Data  Gb  system_TM4C1294_TW.o [1]
SystemInit                   0x2889    0x1c  Code  Gb  system_TM4C1294_TW.o [1]
ThreadFlagsCheck              0x3c1    0x6c  Code  Lc  rtx_thread.o [2]
TimerInsert                  0x2f99    0x38  Code  Lc  rtx_timer.o [2]
UART0_Handler                0x2229     0x8  Code  Gb  UART_inst.o [1]
UARTCharGetNonBlocking       0x1eab    0x14  Code  Gb  uart.o [4]
UARTCharPutNonBlocking       0x1ebf    0x18  Code  Gb  uart.o [4]
UARTCharsAvail               0x1e93     0x8  Code  Gb  uart.o [4]
UARTConfigSetExpClk          0x1df1    0x5c  Code  Gb  uart.o [4]
UARTDisable                  0x1e67    0x22  Code  Gb  uart.o [4]
UARTEnable                   0x1e4d    0x1a  Code  Gb  uart.o [4]
UARTFIFOLevelSet             0x1de9     0x8  Code  Gb  uart.o [4]
UARTFlushRx                  0x1b27    0x1c  Code  Gb  uartstdio.o [1]
UARTFlushTx                  0x1b43    0x30  Code  Gb  uartstdio.o [1]
UARTInit                     0x21d5    0x54  Code  Gb  UART_inst.o [1]
UARTIntClear                 0x1ef5     0x6  Code  Gb  uart.o [4]
UARTIntDisable               0x1edd     0x4  Code  Gb  uart.o [4]
UARTIntEnable                0x1ed7     0x6  Code  Gb  uart.o [4]
UARTIntStatus                0x1ee9     0xc  Code  Gb  uart.o [4]
UARTPrimeTransmit            0x174b    0x7a  Code  Lc  uartstdio.o [1]
UARTSpaceAvail               0x1e9b     0x6  Code  Gb  uart.o [4]
UARTStdioConfig              0x17c5    0x92  Code  Gb  uartstdio.o [1]
UARTStdioIntHandler          0x1b79   0x132  Code  Gb  uartstdio.o [1]
UARTStdioIntHandler::bLastWasCR
                        0x2000'18b1     0x1  Data  Lc  uartstdio.o [1]
UARTgets                     0x1901    0x62  Code  Gb  uartstdio.o [1]
UARTprintf                   0x1b19     0xe  Code  Gb  uartstdio.o [1]
UARTvprintf                  0x1963   0x1b6  Code  Gb  uartstdio.o [1]
UARTwrite                    0x1857    0xaa  Code  Gb  uartstdio.o [1]
_SysCtlMemTimingGet          0x1efd    0x22  Code  Lc  sysctl.o [4]
__Vectors                       0x0           --   Gb  startup_TM4C1294.o [1]
__Vectors_End                 0x3c0          Data  Gb  startup_TM4C1294.o [1]
__Vectors_Size {Abs}          0x3c0           --   Gb  startup_TM4C1294.o [1]
__aeabi_memclr               0x152d          Code  Gb  ABImemclr.o [5]
__aeabi_memclr4               0xd55          Code  Gb  ABImemclr4.o [5]
__aeabi_memcpy               0x1481          Code  Gb  ABImemcpy.o [5]
__aeabi_memcpy4              0x14a1          Code  Gb  ABImemcpy.o [5]
__aeabi_memcpy8              0x14a1          Code  Gb  ABImemcpy.o [5]
__cmain                      0x31d1          Code  Gb  cmain.o [5]
__exit                       0x3205    0x14  Code  Gb  exit.o [6]
__iar_Memset4_word            0xe2d          Code  Gb  ABImemset48.o [5]
__iar_Memset8_word            0xe2d          Code  Gb  ABImemset48.o [5]
__iar_Memset_word            0x16b1          Code  Gb  ABImemset.o [5]
__iar_data_init3             0x3141    0x28  Code  Gb  data_init.o [5]
__iar_init_vfp               0x323d          Code  Wk  startup_TM4C1294.o [1]
__iar_packbits_init_single3
                              0xbaf    0x3a  Code  Gb  packbits_init_single.o [5]
__iar_program_start          0x3219          Code  Gb  cstartup_M.o [5]
__iar_zero_init3             0x30d7    0x38  Code  Gb  zero_init3.o [5]
__low_level_init             0x31ef     0x4  Code  Gb  low_level_init.o [3]
__vector_table                  0x0          Data  Gb  startup_TM4C1294.o [1]
__vector_table_0x1c            0x1c          Data  Gb  startup_TM4C1294.o [1]
_call_main                   0x31dd          Code  Gb  cmain.o [5]
_exit                        0x31f9          Code  Gb  cexit.o [5]
abrirPortas                  0x23e5    0x2e  Code  Gb  UART_inst.o [1]
converterDezenaEUnidadeAndar
                             0x258f    0x10  Code  Gb  UART_inst.o [1]
converterLetraEmNumeroAndar
                             0x24cf    0xc0  Code  Gb  UART_inst.o [1]
elevador                     0x22b3   0x132  Code  Gb  UART_inst.o [1]
elevadorCentral_id      0x2000'1878     0x4  Data  Gb  UART_inst.o [1]
elevadorDescendo             0x2467    0x26  Code  Gb  UART_inst.o [1]
elevadorDireita_id      0x2000'187c     0x4  Data  Gb  UART_inst.o [1]
elevadorEsquerda_id     0x2000'1874     0x4  Data  Gb  UART_inst.o [1]
elevadorParado               0x248d    0x26  Code  Gb  UART_inst.o [1]
elevadorPararAbrirFechar
                             0x24b3    0x1c  Code  Gb  UART_inst.o [1]
elevadorSubindo              0x2441    0x26  Code  Gb  UART_inst.o [1]
escritaUART_id          0x2000'1884     0x4  Data  Gb  UART_inst.o [1]
escritaUart                  0x228d    0x26  Code  Gb  UART_inst.o [1]
exit                         0x31f3     0x4  Code  Gb  exit.o [3]
fecharPortas                 0x2413    0x2e  Code  Gb  UART_inst.o [1]
filaMensagensCentral_id
                        0x2000'1890     0x4  Data  Gb  UART_inst.o [1]
filaMensagensDireita_id
                        0x2000'188c     0x4  Data  Gb  UART_inst.o [1]
filaMensagensEsquerda_id
                        0x2000'1888     0x4  Data  Gb  UART_inst.o [1]
filaUartEscrita         0x2000'1894     0x4  Data  Gb  UART_inst.o [1]
g_bDisableEcho          0x2000'18b0     0x1  Data  Lc  uartstdio.o [1]
g_pcHex                      0x32c8     0x4  Data  Lc  uartstdio.o [1]
g_pcUARTRxBuffer        0x2000'16a8    0x80  Data  Lc  uartstdio.o [1]
g_pcUARTTxBuffer        0x2000'10a8   0x400  Data  Lc  uartstdio.o [1]
g_pppui32XTALtoVCO           0x2c28   0x1b0  Data  Lc  sysctl.o [4]
g_pui32Dii16Regs             0x1dd4    0x14  Data  Lc  interrupt.o [4]
g_pui32EnRegs                0x1dc0    0x14  Data  Lc  interrupt.o [4]
g_pui32GPIOBaseAddrs         0x2f08    0x90  Data  Lc  gpio.o [4]
g_pui32VCOFrequencies        0x21bc     0x8  Data  Lc  sysctl.o [4]
g_pui32Xtals                 0x2dd8    0x6c  Data  Lc  sysctl.o [4]
g_sXTALtoMEMTIM              0x3110    0x30  Data  Lc  sysctl.o [4]
g_ui32Base              0x2000'18a8     0x4  Data  Lc  uartstdio.o [1]
g_ui32PortNum           0x2000'18ac     0x4  Data  Lc  uartstdio.o [1]
g_ui32UARTBase               0x3290     0xc  Data  Lc  uartstdio.o [1]
g_ui32UARTInt                0x329c     0xc  Data  Lc  uartstdio.o [1]
g_ui32UARTPeriph             0x32a8     0xc  Data  Lc  uartstdio.o [1]
g_ui32UARTRxReadIndex   0x2000'18a4     0x4  Data  Lc  uartstdio.o [1]
g_ui32UARTRxWriteIndex  0x2000'18a0     0x4  Data  Lc  uartstdio.o [1]
g_ui32UARTTxReadIndex   0x2000'189c     0x4  Data  Lc  uartstdio.o [1]
g_ui32UARTTxWriteIndex  0x2000'1898     0x4  Data  Lc  uartstdio.o [1]
leituraAndar                 0x259f    0x1e  Code  Gb  UART_inst.o [1]
leituraUART_id          0x2000'1880     0x4  Data  Gb  UART_inst.o [1]
leituraUart                  0x2231    0x5c  Code  Gb  UART_inst.o [1]
main                         0x25bd    0x9a  Code  Gb  UART_inst.o [1]
osDelay                      0x2849    0x38  Code  Gb  rtx_delay.o [2]
osKernelGetState             0x2ac5    0x40  Code  Gb  rtx_kernel.o [2]
osKernelInitialize           0x2a8d    0x38  Code  Gb  rtx_kernel.o [2]
osKernelStart                0x2b05    0x34  Code  Gb  rtx_kernel.o [2]
osMessageQueueGet            0x13dd    0x90  Code  Gb  rtx_msgqueue.o [2]
osMessageQueueNew            0x1305    0x3e  Code  Gb  rtx_msgqueue.o [2]
osMessageQueuePut            0x1345    0x98  Code  Gb  rtx_msgqueue.o [2]
osRtxConfig                  0x3028    0x68  Data  Gb  rtx_lib.o [1]
osRtxErrorNotify              0xe05    0x20  Code  Gb  RTX_Config.o [1]
osRtxIdleThread               0xda7     0x2  Code  Gb  RTX_Config.o [1]
osRtxInfo               0x2000'0000    0xa4  Data  Gb  rtx_kernel.o [2]
osRtxKernelPreInit           0x2c1f     0x2  Code  Gb  rtx_lib.o [1]
osRtxMemoryAlloc              0xcd1    0x84  Code  Gb  rtx_memory.o [2]
osRtxMemoryFree               0xd5d    0x4a  Code  Gb  rtx_memory.o [2]
osRtxMemoryInit              0x2b69    0x44  Code  Gb  rtx_memory.o [2]
osRtxMemoryPoolAlloc          0xc35    0x44  Code  Gb  rtx_mempool.o [2]
osRtxMemoryPoolFree           0xc79    0x56  Code  Gb  rtx_mempool.o [2]
osRtxMemoryPoolInit           0xbe9    0x4a  Code  Gb  rtx_mempool.o [2]
osRtxMessageQueuePostProcess
                              0xf0b    0xe6  Code  Lc  rtx_msgqueue.o [2]
osRtxMutexOwnerRelease        0xda9    0x52  Code  Gb  rtx_mutex.o [2]
osRtxPendSV_Handler          0x15b1    0x88  Code  Gb  rtx_system.o [2]
osRtxPostProcess             0x1639    0x6c  Code  Gb  rtx_system.o [2]
osRtxThreadBlock              0x629    0x34  Code  Lc  rtx_thread.o [2]
osRtxThreadDelayInsert        0x481    0x62  Code  Lc  rtx_thread.o [2]
osRtxThreadDelayRemove        0x4e3    0x44  Code  Lc  rtx_thread.o [2]
osRtxThreadDelayTick          0x527    0xee  Code  Gb  rtx_thread.o [2]
osRtxThreadDispatch           0x679    0x54  Code  Gb  rtx_thread.o [2]
osRtxThreadFree               0x999    0x54  Code  Lc  rtx_thread.o [2]
osRtxThreadListGet            0x44f    0x14  Code  Gb  rtx_thread.o [2]
osRtxThreadListPut            0x42d    0x22  Code  Gb  rtx_thread.o [2]
osRtxThreadListRemove         0x463    0x16  Code  Gb  rtx_thread.o [2]
osRtxThreadPostProcess        0x741    0x54  Code  Lc  rtx_thread.o [2]
osRtxThreadReadyPut           0x479     0x8  Code  Gb  rtx_thread.o [2]
osRtxThreadRegPtr             0x615    0x14  Code  Gb  rtx_thread.o [2]
osRtxThreadStackCheck         0xb81    0x28  Code  Gb  rtx_thread.o [2]
osRtxThreadStartup            0xa81    0x30  Code  Gb  rtx_thread.o [2]
osRtxThreadSwitch             0x65d    0x1c  Code  Gb  rtx_thread.o [2]
osRtxThreadWaitEnter          0x707    0x3a  Code  Gb  rtx_thread.o [2]
osRtxThreadWaitExit           0x6d3    0x2e  Code  Gb  rtx_thread.o [2]
osRtxTick_Handler            0x1541    0x6e  Code  Gb  rtx_system.o [2]
osRtxTimerThread             0x3091    0x44  Code  Gb  rtx_timer.o [2]
osRtxTimerTick               0x2fd1    0x54  Code  Lc  rtx_timer.o [2]
osRtxUserSVC                 0x32c4     0x4  Data  Gb  rtx_lib.o [1]
osThreadExit                  0xb35    0x16  Code  Gb  rtx_thread.o [2]
osThreadNew                   0xab5    0x40  Code  Gb  rtx_thread.o [2]
osThreadYield                 0xaf9    0x36  Code  Gb  rtx_thread.o [2]
os_idle_thread_attr          0x3168    0x24  Data  Lc  rtx_lib.o [1]
os_idle_thread_cb       0x2000'1778    0x44  Data  Lc  rtx_lib.o [1]
os_idle_thread_stack    0x2000'14a8   0x100  Data  Lc  rtx_lib.o [1]
os_isr_queue            0x2000'1800    0x40  Data  Lc  rtx_lib.o [1]
os_mem                  0x2000'00a8  0x1000  Data  Lc  rtx_lib.o [1]
os_timer_mq_attr             0x3248    0x18  Data  Lc  rtx_lib.o [1]
os_timer_mq_cb          0x2000'1840    0x34  Data  Lc  rtx_lib.o [1]
os_timer_mq_data        0x2000'1728    0x50  Data  Lc  rtx_lib.o [1]
os_timer_thread_attr         0x318c    0x24  Data  Lc  rtx_lib.o [1]
os_timer_thread_cb      0x2000'17bc    0x44  Data  Lc  rtx_lib.o [1]
os_timer_thread_stack   0x2000'15a8   0x100  Data  Lc  rtx_lib.o [1]
svcRtxDelay                  0x2825    0x24  Code  Lc  rtx_delay.o [2]
svcRtxKernelGetState         0x29e5    0x12  Code  Lc  rtx_kernel.o [2]
svcRtxKernelInitialize       0x28b9   0x12c  Code  Lc  rtx_kernel.o [2]
svcRtxKernelStart            0x29f7    0x96  Code  Lc  rtx_kernel.o [2]
svcRtxMessageQueueGet        0x11f5    0xe8  Code  Lc  rtx_msgqueue.o [2]
svcRtxMessageQueueNew         0xff1   0x130  Code  Lc  rtx_msgqueue.o [2]
svcRtxMessageQueuePut        0x1121    0xd4  Code  Lc  rtx_msgqueue.o [2]
svcRtxThreadExit              0x9ed    0x8e  Code  Lc  rtx_thread.o [2]
svcRtxThreadNew               0x795   0x1bc  Code  Lc  rtx_thread.o [2]
svcRtxThreadYield             0x957    0x42  Code  Lc  rtx_thread.o [2]


[1] = E:\Universidade\2020_2\Sistemas Embarcados\LaboratorioFinal\EK-TM4C1294_RTOS_IAR8\Projects\UART_inst\ewarm\Obj
[2] = RTX_CM.a
[3] = dl7M_tln.a
[4] = driverlib.a
[5] = rt7M_tl.a
[6] = shb_l.a

  11'928 bytes of readonly  code memory
   1'089 bytes of readonly  data memory
  39'095 bytes of readwrite data memory

Errors: none
Warnings: none
